// Vitest Snapshot v1, https://vitest.dev/guide/snapshot.html

exports[`Scenario validation — universal invariants > Aggressive Saver > golden metrics snapshot 1`] = `
{
  "cumulativeDeficit": 0,
  "deficitYears": 0,
  "endYear": 2080,
  "firstDeficitYear": null,
  "liquidAtEnd": 22014868.836040035,
  "liquidAtRetirement": 3559890.6588849938,
  "netWorthAtEnd": 22014868.836040035,
  "netWorthAtRetirement": 5991461.407481864,
  "peakNetWorth": 22014868.836040035,
  "startYear": 2026,
  "totalYears": 55,
}
`;

exports[`Scenario validation — universal invariants > Debt Heavy > golden metrics snapshot 1`] = `
{
  "cumulativeDeficit": 0,
  "deficitYears": 0,
  "endYear": 2076,
  "firstDeficitYear": null,
  "liquidAtEnd": 2708314.5774050737,
  "liquidAtRetirement": 2442548.375065644,
  "netWorthAtEnd": 2708314.5774050737,
  "netWorthAtRetirement": 2442548.375065644,
  "peakNetWorth": 2770750.403242862,
  "startYear": 2026,
  "totalYears": 51,
}
`;

exports[`Scenario validation — universal invariants > Downsizer > golden metrics snapshot 1`] = `
{
  "cumulativeDeficit": 0,
  "deficitYears": 0,
  "endYear": 2058,
  "firstDeficitYear": null,
  "liquidAtEnd": 3226932.2184444247,
  "liquidAtRetirement": 1107345.8256492876,
  "netWorthAtEnd": 3226932.2184444247,
  "netWorthAtRetirement": 2943382.6266492866,
  "peakNetWorth": 5228959.161088038,
  "startYear": 2026,
  "totalYears": 33,
}
`;

exports[`Scenario validation — universal invariants > Dual Income Family > golden metrics snapshot 1`] = `
{
  "cumulativeDeficit": 0,
  "deficitYears": 0,
  "endYear": 2075,
  "firstDeficitYear": null,
  "liquidAtEnd": 8856037.476762736,
  "liquidAtRetirement": 3546154.6560362773,
  "netWorthAtEnd": 15607386.655727137,
  "netWorthAtRetirement": 6493616.051069977,
  "peakNetWorth": 15607386.655727137,
  "startYear": 2026,
  "totalYears": 50,
}
`;

exports[`Scenario validation — universal invariants > High Earner Div293 > golden metrics snapshot 1`] = `
{
  "cumulativeDeficit": 0,
  "deficitYears": 0,
  "endYear": 2068,
  "firstDeficitYear": null,
  "liquidAtEnd": 13971541.47956068,
  "liquidAtRetirement": 1733884.6867360447,
  "netWorthAtEnd": 25852631.068332024,
  "netWorthAtRetirement": 7972167.429876825,
  "peakNetWorth": 25852631.068332024,
  "startYear": 2026,
  "totalYears": 43,
}
`;

exports[`Scenario validation — universal invariants > Late Career Maximiser > golden metrics snapshot 1`] = `
{
  "cumulativeDeficit": 0,
  "deficitYears": 0,
  "endYear": 2060,
  "firstDeficitYear": null,
  "liquidAtEnd": 6865145.649327551,
  "liquidAtRetirement": 2597283.006008541,
  "netWorthAtEnd": 11532172.273519188,
  "netWorthAtRetirement": 4260043.833914166,
  "peakNetWorth": 11532172.273519188,
  "startYear": 2026,
  "totalYears": 35,
}
`;

exports[`Scenario validation — universal invariants > Novated Lease PBI > golden metrics snapshot 1`] = `
{
  "cumulativeDeficit": 0,
  "deficitYears": 0,
  "endYear": 2078,
  "firstDeficitYear": null,
  "liquidAtEnd": 4250344.320979576,
  "liquidAtRetirement": 2842161.7686902867,
  "netWorthAtEnd": 4250344.320979576,
  "netWorthAtRetirement": 2842161.7686902867,
  "peakNetWorth": 4250344.320979576,
  "startYear": 2026,
  "totalYears": 53,
}
`;

exports[`Scenario validation — universal invariants > Property Investor > golden metrics snapshot 1`] = `
{
  "cumulativeDeficit": 0,
  "deficitYears": 0,
  "endYear": 2072,
  "firstDeficitYear": null,
  "liquidAtEnd": 7084845.60813748,
  "liquidAtRetirement": 3109464.885187834,
  "netWorthAtEnd": 12454988.882645842,
  "netWorthAtRetirement": 5431683.270611743,
  "peakNetWorth": 12454988.882645842,
  "startYear": 2026,
  "totalYears": 47,
}
`;

exports[`Scenario validation — universal invariants > Recurring Expenses > golden metrics snapshot 1`] = `
{
  "cumulativeDeficit": 0,
  "deficitYears": 0,
  "endYear": 2073,
  "firstDeficitYear": null,
  "liquidAtEnd": 6613114.603561215,
  "liquidAtRetirement": 3973839.426464474,
  "netWorthAtEnd": 11541010.784874767,
  "netWorthAtRetirement": 5682915.478030542,
  "peakNetWorth": 11541010.784874767,
  "startYear": 2026,
  "totalYears": 48,
}
`;

exports[`Scenario validation — universal invariants > Retiree Couple > golden metrics snapshot 1`] = `
{
  "cumulativeDeficit": 0,
  "deficitYears": 0,
  "endYear": 2053,
  "firstDeficitYear": null,
  "liquidAtEnd": 125370.80064429383,
  "liquidAtRetirement": null,
  "netWorthAtEnd": 2184505.7088078302,
  "netWorthAtRetirement": null,
  "peakNetWorth": 2243858.875304738,
  "startYear": 2026,
  "totalYears": 28,
}
`;

exports[`Scenario validation — universal invariants > Single Parent Age Pension > golden metrics snapshot 1`] = `
{
  "cumulativeDeficit": 87395.8455956431,
  "deficitYears": 2,
  "endYear": 2067,
  "firstDeficitYear": 2066,
  "liquidAtEnd": -87395.8455956431,
  "liquidAtRetirement": 598150.5633654179,
  "netWorthAtEnd": 1469917.3064936763,
  "netWorthAtRetirement": 1341931.9978877062,
  "peakNetWorth": 1539108.6819457328,
  "startYear": 2026,
  "totalYears": 42,
}
`;

exports[`Scenario validation — universal invariants > Young Single Renter > golden metrics snapshot 1`] = `
{
  "cumulativeDeficit": 0,
  "deficitYears": 0,
  "endYear": 2088,
  "firstDeficitYear": null,
  "liquidAtEnd": 7166122.4127122685,
  "liquidAtRetirement": 4196699.327659707,
  "netWorthAtEnd": 7166122.4127122685,
  "netWorthAtRetirement": 4196699.327659707,
  "peakNetWorth": 7166122.4127122685,
  "startYear": 2026,
  "totalYears": 63,
}
`;
