// Vitest Snapshot v1, https://vitest.dev/guide/snapshot.html

exports[`Scenario validation — universal invariants > Aggressive Saver > golden metrics snapshot 1`] = `
{
  "cumulativeDeficit": 0,
  "deficitYears": 0,
  "endYear": 2080,
  "firstDeficitYear": null,
  "liquidAtEnd": 22189428.808476757,
  "liquidAtRetirement": 3701565.5947603798,
  "netWorthAtEnd": 22189428.808476757,
  "netWorthAtRetirement": 6133136.34335725,
  "peakNetWorth": 22189428.808476757,
  "startYear": 2026,
  "totalYears": 55,
}
`;

exports[`Scenario validation — universal invariants > Debt Heavy > golden metrics snapshot 1`] = `
{
  "cumulativeDeficit": 0,
  "deficitYears": 0,
  "endYear": 2076,
  "firstDeficitYear": null,
  "liquidAtEnd": 2800756.696981837,
  "liquidAtRetirement": 2534990.494642407,
  "netWorthAtEnd": 2800756.696981837,
  "netWorthAtRetirement": 2534990.494642407,
  "peakNetWorth": 2863192.522819625,
  "startYear": 2026,
  "totalYears": 51,
}
`;

exports[`Scenario validation — universal invariants > Downsizer > golden metrics snapshot 1`] = `
{
  "cumulativeDeficit": 0,
  "deficitYears": 0,
  "endYear": 2058,
  "firstDeficitYear": null,
  "liquidAtEnd": 3283232.797973957,
  "liquidAtRetirement": 1120834.7322986627,
  "netWorthAtEnd": 3283232.797973957,
  "netWorthAtRetirement": 2956871.533298662,
  "peakNetWorth": 5247864.983865204,
  "startYear": 2026,
  "totalYears": 33,
}
`;

exports[`Scenario validation — universal invariants > Dual Income Family > golden metrics snapshot 1`] = `
{
  "cumulativeDeficit": 0,
  "deficitYears": 0,
  "endYear": 2075,
  "firstDeficitYear": null,
  "liquidAtEnd": 9142966.448529657,
  "liquidAtRetirement": 3719143.6747857286,
  "netWorthAtEnd": 15894315.627494056,
  "netWorthAtRetirement": 6666605.069819428,
  "peakNetWorth": 15894315.627494056,
  "startYear": 2026,
  "totalYears": 50,
}
`;

exports[`Scenario validation — universal invariants > High Earner Div293 > golden metrics snapshot 1`] = `
{
  "cumulativeDeficit": 0,
  "deficitYears": 0,
  "endYear": 2068,
  "firstDeficitYear": null,
  "liquidAtEnd": 14160580.658775866,
  "liquidAtRetirement": 1835102.2524936916,
  "netWorthAtEnd": 26041670.24754721,
  "netWorthAtRetirement": 8073384.995634471,
  "peakNetWorth": 26041670.24754721,
  "startYear": 2026,
  "totalYears": 43,
}
`;

exports[`Scenario validation — universal invariants > Late Career Maximiser > golden metrics snapshot 1`] = `
{
  "cumulativeDeficit": 0,
  "deficitYears": 0,
  "endYear": 2060,
  "firstDeficitYear": null,
  "liquidAtEnd": 6920347.054466908,
  "liquidAtRetirement": 2625354.3271361273,
  "netWorthAtEnd": 11587373.678658545,
  "netWorthAtRetirement": 4288115.155041752,
  "peakNetWorth": 11587373.678658545,
  "startYear": 2026,
  "totalYears": 35,
}
`;

exports[`Scenario validation — universal invariants > Novated Lease PBI > golden metrics snapshot 1`] = `
{
  "cumulativeDeficit": 0,
  "deficitYears": 0,
  "endYear": 2078,
  "firstDeficitYear": null,
  "liquidAtEnd": 4380245.975725406,
  "liquidAtRetirement": 2947231.284242428,
  "netWorthAtEnd": 4380245.975725406,
  "netWorthAtRetirement": 2947231.284242428,
  "peakNetWorth": 4380245.975725406,
  "startYear": 2026,
  "totalYears": 53,
}
`;

exports[`Scenario validation — universal invariants > Property Investor > golden metrics snapshot 1`] = `
{
  "cumulativeDeficit": 0,
  "deficitYears": 0,
  "endYear": 2072,
  "firstDeficitYear": null,
  "liquidAtEnd": 7319316.573967042,
  "liquidAtRetirement": 3243488.008747141,
  "netWorthAtEnd": 12689459.848475404,
  "netWorthAtRetirement": 5565706.394171051,
  "peakNetWorth": 12689459.848475404,
  "startYear": 2026,
  "totalYears": 47,
}
`;

exports[`Scenario validation — universal invariants > Recurring Expenses > golden metrics snapshot 1`] = `
{
  "cumulativeDeficit": 0,
  "deficitYears": 0,
  "endYear": 2073,
  "firstDeficitYear": null,
  "liquidAtEnd": 6755176.110722386,
  "liquidAtRetirement": 4110210.9482394205,
  "netWorthAtEnd": 11683072.29203594,
  "netWorthAtRetirement": 5819286.999805489,
  "peakNetWorth": 11683072.29203594,
  "startYear": 2026,
  "totalYears": 48,
}
`;

exports[`Scenario validation — universal invariants > Retiree Couple > golden metrics snapshot 1`] = `
{
  "cumulativeDeficit": 0,
  "deficitYears": 0,
  "endYear": 2053,
  "firstDeficitYear": null,
  "liquidAtEnd": 125370.80064429383,
  "liquidAtRetirement": null,
  "netWorthAtEnd": 2184505.7088078302,
  "netWorthAtRetirement": null,
  "peakNetWorth": 2243858.875304738,
  "startYear": 2026,
  "totalYears": 28,
}
`;

exports[`Scenario validation — universal invariants > Single Parent Age Pension > golden metrics snapshot 1`] = `
{
  "cumulativeDeficit": 51148.86230662349,
  "deficitYears": 1,
  "endYear": 2067,
  "firstDeficitYear": 2067,
  "liquidAtEnd": -51148.86230662349,
  "liquidAtRetirement": 629950.1646599435,
  "netWorthAtEnd": 1506164.289782696,
  "netWorthAtRetirement": 1373731.5991822318,
  "peakNetWorth": 1564873.5194487644,
  "startYear": 2026,
  "totalYears": 42,
}
`;

exports[`Scenario validation — universal invariants > Young Single Renter > golden metrics snapshot 1`] = `
{
  "cumulativeDeficit": 0,
  "deficitYears": 0,
  "endYear": 2088,
  "firstDeficitYear": null,
  "liquidAtEnd": 7296857.15744148,
  "liquidAtRetirement": 4322619.324751629,
  "netWorthAtEnd": 7296857.15744148,
  "netWorthAtRetirement": 4322619.324751629,
  "peakNetWorth": 7296857.15744148,
  "startYear": 2026,
  "totalYears": 63,
}
`;
